ian@ian-Latitude-3190-2-in-1:~/Downloads$ nano fftwtest2.f
ian@ian-Latitude-3190-2-in-1:~/Downloads$ gfortran ffwtest2.f -ffree-form -lfftw3f951: Error: Cannot open file ‘ffwtest2.f’
<built-in>: Fatal Error: cannot open input file: ffwtest2.f
compilation terminated.
ian@ian-Latitude-3190-2-in-1:~/Downloads$ gfortran fftwtest2.f -ffree-form -lfftw3
ian@ian-Latitude-3190-2-in-1:~/Downloads$ cat fftwtest2.f
        double precision in
        integer M /16/
        integer N /2/
        dimension in(16,2)
        double complex out
        dimension out(16/2 + 1, 16)
        integer*8 plan

        call dfftw_plan_dft_r2c_2d(plan,M,N,in,out,FFTW_ESTIMATE)
        call dfftw_execute_dft_r2c(plan, in, out)
        print *,  in, out
        call dfftw_destroy_plan(plan)
        end program
ian@ian-Latitude-3190-2-in-1:~/Downloads$ ./a.out
   0.0000000000000000        0.0000000000000000        0.0000000000000000        0.0000000000000000        7.0632744564452601E-304   1.3852388523421298E-309   1.7193484475275380E-320   0.0000000000000000        4.9406564584124654E-323  -1.3262473693532952E-315   0.0000000000000000        1.3262473693532952E-315   0.0000000000000000        0.0000000000000000        0.0000000000000000        0.0000000000000000        4.7430302000759668E-322   0.0000000000000000        0.0000000000000000        0.0000000000000000        0.0000000000000000        0.0000000000000000        0.0000000000000000        0.0000000000000000        0.0000000000000000        0.0000000000000000        0.0000000000000000        0.0000000000000000        0.0000000000000000       -1.3016285351478785E-261   0.0000000000000000       -1.3016283445558029E-261        (-2.60325687970368131E-261,0.0000000000000000) (-1.70065946196638929E-261,-1.70065956511407738E-261)  (1.34768949101767227E-268,-1.84078059280900557E-261)  (7.04436359997468581E-262,-7.04436110976921256E-262)   (7.06327445644526007E-304,1.90592075606488541E-268) (-7.04436359997468581E-262,-7.04436110976921256E-262) (-1.34768949101767227E-268,-1.84078059280900557E-261)  (1.70065946196638929E-261,-1.70065956511407738E-261)         (2.60325687970368131E-261,0.0000000000000000)         (2.60325687970368131E-261,0.0000000000000000)   (1.70065946196638929E-261,1.70065956511407738E-261)  (-1.34768949101767227E-268,1.84078059280900557E-261)  (-7.04436359997468581E-262,7.04436110976921256E-262)  (7.06327445644526007E-304,-1.90592075606488541E-268)   (7.04436359997468581E-262,7.04436110976921256E-262)   (1.34768949101767227E-268,1.84078059280900557E-261)  (-1.70065946196638929E-261,1.70065956511407738E-261)        (-2.60325687970368131E-261,0.0000000000000000)   (6.90433770506375594E-310,6.90454528928153738E-310)   (6.95251147921114988E-310,6.90454529167894152E-310)   (6.90454530128456581E-310,6.90454528947916364E-310)   (1.10858578416772770E-314,6.90454528947718738E-310)   (6.90454526403913066E-310,6.90454529173491916E-310)   (1.48219693752373963E-322,6.90454528952659394E-310)   (6.90454530128456581E-310,6.95251147922577422E-310)   (6.95251147922557660E-310,6.90454529017381994E-310)   (6.90454528952659394E-310,1.10858578416772770E-314)   (6.95251147922557660E-310,1.73216525147912867E-316)   (6.90454526393043622E-310,6.90454530138495995E-310)   (6.95250700951861821E-310,6.90454473002975955E-310)   (6.90454472495066590E-310,6.95251147923565553E-310)         (6.95251147923486503E-310,0.0000000000000000)   (4.94065645841246544E-324,3.95252516672997235E-323)   (9.88131291682493088E-324,6.95251147923407452E-310)         (4.46969253166572224E-316,0.0000000000000000)   (6.90454530138495995E-310,1.10858578416772770E-314)   (6.95251147924277008E-310,6.90454473002975955E-310)   (6.90454528919458183E-310,6.95251147923486503E-310)   (6.95251147923565553E-310,6.90454529186337623E-310)   (3.45845952088872581E-323,6.90454526403913066E-310)         (4.94065645841246544E-324,0.0000000000000000)   (4.94065645841246544E-324,6.90454528915110405E-310)   (6.90454526403913066E-310,6.90454528915110405E-310)   (4.19783666494048472E-314,6.90454528919458183E-310)               (0.0000000000000000,0.0000000000000000)         (6.90433770506370653E-310,0.0000000000000000)   (2.12199579047120667E-314,6.90454528915110405E-310)   (6.90454528951473637E-310,6.90454530128456581E-310)               (0.0000000000000000,0.0000000000000000)               (0.0000000000000000,0.0000000000000000)               (0.0000000000000000,0.0000000000000000)         (0.0000000000000000,4.94065645841246544E-323)   (6.90454528915110405E-310,6.90454483267990134E-310)                        (NaN,6.90454526339486906E-310)   (6.90454530138495995E-310,6.90454529324676004E-310)         (4.94065645841246544E-324,0.0000000000000000)   (6.90454528951473637E-310,6.90454529423800394E-310)         (0.0000000000000000,6.95251147928229533E-310)   (6.95251147928387634E-310,6.90454530138495995E-310)                        (NaN,6.90454529383158554E-310)         (0.0000000000000000,2.02369288536574584E-320)   (6.90454475461318151E-310,6.95251147928387634E-310)         (1.53160350210786429E-322,0.0000000000000000)   (7.41098468761869816E-323,6.90454472852098188E-310)   (6.90454528915110405E-310,6.95251147925739442E-310)   (6.95251147925719680E-310,1.39064994164893267E-309)   (6.90454472852098188E-310,8.57903412944504979E-315)   (6.95251147925719680E-310,6.90454529167894152E-310)   (6.90454528915110405E-310,6.90454472493525105E-310)   (1.28150039222232038E-315,6.90454472492853175E-310)   (6.90454526397984278E-310,6.90454529173491916E-310)   (1.47775034671116841E-320,6.90454529167894152E-310)   (6.90454528915110405E-310,6.90454472493525105E-310)   (2.30237295971431870E-315,6.90454472452063116E-310)   (6.90454526396679945E-310,6.90454529173491916E-310)   (4.57998853694835546E-321,6.90454472852098188E-310)   (6.90454528915110405E-310,6.95251147926688048E-310)   (6.95251147926668286E-310,6.90454493502876189E-310)   (6.90454472852098188E-310,2.30237295971431870E-315)   (6.95251147926668286E-310,3.59745747936147291E-317)   (6.90454526393043622E-310,6.90454472493525105E-310)         (0.0000000000000000,6.90454493391167947E-310)   (6.90454493199658221E-310,6.95251147927676180E-310)   (6.95251147927597129E-310,2.07586615234991623E-314)   (6.90433770506375594E-310,3.95252516672997235E-323)   (1.04311384656098684E-314,6.90454472440640318E-310)         (2.07558903092916387E-314,0.0000000000000000)   (1.72428910398595044E-321,2.30237295971431870E-315)   (6.95251147928387634E-310,6.90454493391167947E-310)   (6.90454528913055092E-310,6.95251147927597129E-310)   (6.95251147927676180E-310,6.90454529186337623E-310)   (1.48219693752373963E-323,6.90454526396679945E-310)         (4.94065645841246544E-324,0.0000000000000000)   (4.94065645841246544E-324,6.90454528908707315E-310)   (6.90454526396679945E-310,6.90454528908707315E-310)   (2.16669339809252080E-314,6.90454528913055092E-310)               (0.0000000000000000,0.0000000000000000)   (6.90433770506370653E-310,6.90433770506370653E-310)   (2.12199579047120667E-314,6.95251147928940988E-310)   (6.90454472603444830E-310,6.90454528915110405E-310)   (6.95250700951866762E-310,3.95252516672997235E-323)   (6.90454528913055092E-310,6.95251147928545735E-310)         (4.46976762964389011E-316,0.0000000000000000)   (1.48219693752373963E-323,1.53160350210786429E-321)   (6.90454528908707315E-310,6.90454507886609336E-310)   (4.67692113406994770E-310,4.67692113459592999E-310)   (6.90454530114938945E-310,6.90454529324676004E-310)         (4.94065645841246544E-324,0.0000000000000000)   (6.90454472603444830E-310,6.90454473739756290E-310)   (4.94065645841246544E-324,6.95251147932419210E-310)   (6.95251147932735412E-310,6.95251147934118796E-310)   (4.67692113406994770E-310,6.90454529383158554E-310)   (4.94065645841246544E-324,4.67692113459592999E-310)   (1.53160350210786429E-322,6.90454493822694763E-310)   (1.48219693752373963E-323,6.90454483305420547E-310)   (6.90454529062618645E-310,6.90454530128456581E-310)   (6.90454528908707315E-310,6.90454507893842458E-310)   (6.95251147934197846E-310,1.39064994164893267E-309)         (0.0000000000000000,6.90454529324676004E-310)   (6.90454493822694763E-310,1.65780921169161900E-315)   (6.90454493822694763E-310,1.65780921169161900E-315)   (6.90454473741021098E-310,8.28904605845809498E-317)               (0.0000000000000000,0.0000000000000000)               (0.0000000000000000,0.0000000000000000)               (0.0000000000000000,0.0000000000000000)               (0.0000000000000000,0.0000000000000000)   (7.06327445644526007E-304,1.38523885234212977E-309)         (1.71934844752753797E-320,0.0000000000000000)  (4.94065645841246544E-323,-1.32624736935329520E-315)               (0.0000000000000000,0.0000000000000000)               (0.0000000000000000,0.0000000000000000)               (0.0000000000000000,0.0000000000000000)         (4.74303020007596682E-322,0.0000000000000000)               (0.0000000000000000,0.0000000000000000)               (0.0000000000000000,0.0000000000000000)               (0.0000000000000000,0.0000000000000000)               (0.0000000000000000,0.0000000000000000)               (0.0000000000000000,0.0000000000000000)        (0.0000000000000000,-1.30162853514787846E-261)        (0.0000000000000000,-1.30162853514787846E-261)   (6.90454493822694763E-310,6.90454473739464791E-310)   (6.90454493822694763E-310,8.28904605845809498E-317)               (0.0000000000000000,0.0000000000000000)               (0.0000000000000000,0.0000000000000000)
ian@ian-Latitude-3190-2-in-1:~/Downloads$ sloccount fftwtest2.f
Have a non-directory at the top, so creating directory top_dir
Adding /home/ian/Downloads/fftwtest2.f to top_dir
Categorizing files.
Finding a working MD5 command....
Found a working MD5 command.
Computing results.


SLOC	Directory	SLOC-by-Language (Sorted)
12      top_dir         fortran=12


Totals grouped by language (dominant language first):
fortran:         12 (100.00%)




Total Physical Source Lines of Code (SLOC)                = 12
Development Effort Estimate, Person-Years (Person-Months) = 0.00 (0.02)
 (Basic COCOMO model, Person-Months = 2.4 * (KSLOC**1.05))
Schedule Estimate, Years (Months)                         = 0.05 (0.60)
 (Basic COCOMO model, Months = 2.5 * (person-months**0.38))
Estimated Average Number of Developers (Effort/Schedule)  = 0.04
Total Estimated Cost to Develop                           = $ 260
 (average salary = $56,286/year, overhead = 2.40).
SLOCCount, Copyright (C) 2001-2004 David A. Wheeler
SLOCCount is Open Source Software/Free Software, licensed under the GNU GPL.
SLOCCount comes with ABSOLUTELY NO WARRANTY, and you are welcome to
redistribute it under certain conditions as specified by the GNU GPL license;
see the documentation for details.
Please credit this data as "generated using David A. Wheeler's 'SLOCCount'."
ian@ian-Latitude-3190-2-in-1:~/Downloads$ 
